TAP version 13
# (node:1415845) ExperimentalWarning: SQLite is an experimental feature and might change at any time
# (Use `node --trace-warnings ...` to show where the warning was created)
# Subtest: create journal is durable before the real no-replace publisher runs
ok 1 - create journal is durable before the real no-replace publisher runs
  ---
  duration_ms: 88.938963
  type: 'test'
  ...
# Subtest: revocation after stage preparation but before its journal leaves no target or invented cleanup ownership
ok 2 - revocation after stage preparation but before its journal leaves no target or invented cleanup ownership
  ---
  duration_ms: 59.183618
  type: 'test'
  ...
# Subtest: failure before create publication recovers absence and retires only its exact owned stage
ok 3 - failure before create publication recovers absence and retires only its exact owned stage
  ---
  duration_ms: 111.188814
  type: 'test'
  ...
# Subtest: recovery after link before stage unlink proves exact identity for nonempty creation
ok 4 - recovery after link before stage unlink proves exact identity for nonempty creation
  ---
  duration_ms: 104.038119
  type: 'test'
  ...
# Subtest: recovery after link before stage unlink proves exact identity for empty creation
ok 5 - recovery after link before stage unlink proves exact identity for empty creation
  ---
  duration_ms: 110.144832
  type: 'test'
  ...
# Subtest: a failed confirmation after completed creation automatically recovers before the next real read
ok 6 - a failed confirmation after completed creation automatically recovers before the next real read
  ---
  duration_ms: 98.195945
  type: 'test'
  ...
# Subtest: no-replace creation preserves a racing target even when its bytes differ
ok 7 - no-replace creation preserves a racing target even when its bytes differ
  ---
  duration_ms: 137.624814
  type: 'test'
  ...
# Subtest: no-replace creation preserves a racing target even when its bytes match
ok 8 - no-replace creation preserves a racing target even when its bytes match
  ---
  duration_ms: 133.608399
  type: 'test'
  ...
# Subtest: an extra hard-link alias makes interrupted creation UNKNOWN without deleting any evidence
ok 9 - an extra hard-link alias makes interrupted creation UNKNOWN without deleting any evidence
  ---
  duration_ms: 76.302677
  type: 'test'
  ...
# Subtest: substituting an equal-content target after creation is not recovered as the prepared file identity
ok 10 - substituting an equal-content target after creation is not recovered as the prepared file identity
  ---
  duration_ms: 64.275418
  type: 'test'
  ...
# Subtest: equal-content replacement between publication reconciliation and confirmation cannot commit our creation
ok 11 - equal-content replacement between publication reconciliation and confirmation cannot commit our creation
  ---
  duration_ms: 65.239328
  type: 'test'
  ...
# Subtest: equal-content replacement after recovery reconciliation is detected by the final materialized identity
ok 12 - equal-content replacement after recovery reconciliation is detected by the final materialized identity
  ---
  duration_ms: 65.333899
  type: 'test'
  ...
# Subtest: a byte-only legacy materializer cannot confirm a new file without its exact staged identity
ok 13 - a byte-only legacy materializer cannot confirm a new file without its exact staged identity
  ---
  duration_ms: 67.755535
  type: 'test'
  ...
# Subtest: a checksummed but arbitrary persisted stage path is rejected before invoking recovery adapters
ok 14 - a checksummed but arbitrary persisted stage path is rejected before invoking recovery adapters
  ---
  duration_ms: 64.487596
  type: 'test'
  ...
# Subtest: whole-write recovery invalidates old read sets exactly once without manufacturing a read
ok 15 - whole-write recovery invalidates old read sets exactly once without manufacturing a read
  ---
  duration_ms: 85.357585
  type: 'test'
  ...
# Subtest: schema v1 migration preserves exact journal/receipt JSON and recovers the before image
ok 16 - schema v1 migration preserves exact journal/receipt JSON and recovers the before image
  ---
  duration_ms: 157.000165
  type: 'test'
  ...
# Subtest: schema v1 migration preserves exact journal/receipt JSON and recovers the after image
ok 17 - schema v1 migration preserves exact journal/receipt JSON and recovers the after image
  ---
  duration_ms: 159.801974
  type: 'test'
  ...
# Subtest: failed migration rolls back schema/version and preserves its v1 journal for a later recovery
ok 18 - failed migration rolls back schema/version and preserves its v1 journal for a later recovery
  ---
  duration_ms: 114.474904
  type: 'test'
  ...
1..18
# tests 18
# suites 0
# pass 18
# fail 0
# cancelled 0
# skipped 0
# todo 0
# duration_ms 1812.183098
